albrecht	3;
wolf	78;
schloss	80;
flairquedlinburg   20;
gisela	28;
gottmann	30;
miller	51;
aurel-stendal	40;
buchholz	81;
cunz	17;
dommaschk	18;
aurel-parfuemerie	6;
gauls	26;
howerka	84;
kuehle	45;
aurelcity	55;
rutten	61;
boos	11;
contour	15;
flohr	22;
krueger	44;
gabriel	25;
woehrle	77;
hussong	38;
cosmeticlive	16;
ackermann	2;
wiedemann	76;
bauerwiesbaden	9;
luedicke	48;
balster	7;
cb	14;
fischer	83;
neustadt	24;
kern	41;
schönheitsräume	58;
schoenheitsraeume	58;
xn--top-niebll-heb	58;
seifenzahn	79;
florig	23;
bauermerseburg	8;
bernhardi	75;
bingger	10;
duft-flair	19;
gehrls	27;
greiss	31;
novita	54;
herzer	35;
heudorf	36;
flairgauting	21;
kloes	42;
manegold	49;
muellermode	53;
top-oehus	70;
pfitzner	56;
reinking	59;
swan	65;
vitalis	60;
schaefer	62;
schuback	64;
voelker	74;
koehler	43;
mueller	52;
sh-top	71;
top-surmann	68;
top-niebüll	73;
top-niebuell	73;
xn--schnheitsrume-kfb6x	58;
top-madame	69;
taistra	66;
harbeck	32;
aurel-finck	46;
lena	47;
goldkopf	29;
top	67;
platen	57;
heess	33;
city	50;
burger	13;
hennig	34;
godel	88;
hake	87;
zeller	86;
neidhardt	85;
devries	89;
ruppert	90;
laporte	91;
stephan	92;
meller	93;
lang	94;
beauty-store    95;
hellwig	96;
thiemann	97;
schrempp	98;
ruschmeyer	99;
hickmann	100;
kauth	101;
jakobs	102;
borgmann	103;
eisenbraun	104;
martin	105;
kocher	106;
bose	107;
bach	108;
junghanss	109;
sommerfeld	110;
hagemann	111;
mahler  112;
mennecke    113;
braun    114;
walther    115;
hubrich    116;
haberstock    117;
mallach    118;
kaland 119;
laguna 120;
bingger-zeller 121;
rodenstein 122;
ludwigslust 123;
preisig 124;
papillon 125;
och 126;
lehr 127;
monheim 128;
riedner 129;
temme 130;
vesna 131;
funckewelt 132;
yinyang 133;
dirks 134;
lux 135;
profumo 136;
erdmann 137;
droege 138;
beauty 139;
winkel 140;
lisa 141;
fien 142;
prien 143;
aurel 144;
keller-may 145;
madamandmr 146;